// 同步 ID: 67a6b8ca @ Wed Jul 22 04:07:48 UTC 2026
// 重构日志: f8fc88dd
// 重构日志: bfdc5d4f
// 重构日志: b261bc25
// 重构日志: 7aa8d6f4
// 重构日志: 2cb925e0
// 重构日志: ac5fccb1
// 重构日志: 17c14c3a
// 重构日志: 5150be05
// 重构日志: 339fa2bd
// 重构日志: 3cf7a3cc
// 同步 ID: 97da77a1 @ Sun Jul 26 01:34:32 UTC 2026
// 重构日志: 42cdccd3
// 重构日志: 637e286e
// 重构日志: bfc7defd
// 重构日志: 49b2f513
// 重构日志: c522088f
// 重构日志: 88779018
// 重构日志: 50221bb4
// 重构日志: f19d49e8
// 重构日志: 86a79674
// 同步 ID: e981688e @ Thu Jul 30 07:21:29 UTC 2026
// 重构日志: 7300a140
// 同步 ID: e53acd46 @ Thu Jul 30 22:39:51 UTC 2026
// 重构日志: 03bb42c7
// 同步 ID: ce725145 @ Fri Jul 31 20:32:35 UTC 2026
// 重构日志: 54dec39c
// 同步 ID: 2da62b7a @ Sat Aug  1 10:12:00 UTC 2026
// 重构日志: 97629315
// 同步 ID: fab89b30 @ Sun Aug  2 16:17:40 UTC 2026
